template:

# Git Changelog changelog

Changelog of Git Changelog.

Extended variable: {{customVariable}}

{{#authors}}
* {{authorName}}
{{/authors}}

---------------------------------------------

settings:

{
  "fromRevision": {
    "revision": "0000000000000000000000000000000000000000",
    "inclusivenessStrategy": "LEGACY"
  },
  "toRevision": {
    "revision": "test",
    "inclusivenessStrategy": "LEGACY"
  },
  "ignoreCommitsIfMessageMatches": ".*",
  "templatePath": "templatetest/testAuthorsCommitsExtended.mustache",
  "removeIssueFromMessage": false,
  "jiraEnabled": true,
  "redmineEnabled": true,
  "gitHubEnabled": true,
  "gitHubApi": "https://api.github.com/repos/tomasbjerre/git-changelog-lib",
  "extendedVariables": {},
  "ignoreCommitsWithoutIssue": false,
  "gitLabEnabled": true,
  "gitLabProjectName": "tomasbjerre",
  "useIntegrations": false,
  "encoding": "UTF-8"
}

---------------------------------------------

changelog:

# Git Changelog changelog

Changelog of Git Changelog.

Extended variable: 



---------------------------------------------

context:

{
  "commits": [],
  "tags": [],
  "authors": [],
  "issues": [],
  "issueTypes": [],
  "ownerName": "tomasbjerre",
  "repoName": "git-changelog-lib",
  "urlParts": [
    "git-changelog-lib",
    "tomasbjerre",
    "git@github.com"
  ]
}