template:

# {{repoName}} changelog

Changelog of {{repoName}}.

{{#tags}}
{{#ifEquals name "Unreleased"}}{{else}}
## {{name}} ({{tagDate .}})

{{#ifContainsBreaking commits}}
### Breaking changes

{{#commits}}
{{#ifCommitBreaking .}}
- {{#eachCommitScope .}} **{{.}}** {{/eachCommitScope}} {{{commitDescription .}}} ([{{subString hash 0 5}}](https://github.com/{{ownerName}}/{{repoName}}/commit/{{hash}}) {{authorName}}) {{#eachCommitRefs .}}{{#ifMatches . "^#[0-9]+"}} [{{.}}](https://github.com/{{ownerName}}/{{repoName}}/issues/{{subString . 1}}) {{/ifMatches}}{{/eachCommitRefs}} {{#eachCommitFixes .}}{{#ifMatches . "^#[0-9]+"}} [{{.}}](https://github.com/{{ownerName}}/{{repoName}}/issues/{{subString . 1}}) {{/ifMatches}}{{/eachCommitFixes}}
{{/ifCommitBreaking}}
{{/commits}}

{{/ifContainsBreaking}}
{{#ifContainsType commits type='feat'}}
### Features

{{#commits}}
{{#ifCommitType . type='feat'}}
- {{#eachCommitScope .}} **{{.}}** {{/eachCommitScope}} {{{commitDescription .}}} ([{{subString hash 0 5}}](https://github.com/{{ownerName}}/{{repoName}}/commit/{{hash}}) {{authorName}}) {{#eachCommitRefs .}}{{#ifMatches . "^#[0-9]+"}} [{{.}}](https://github.com/{{ownerName}}/{{repoName}}/issues/{{subString . 1}}) {{/ifMatches}}{{/eachCommitRefs}} {{#eachCommitFixes .}}{{#ifMatches . "^#[0-9]+"}} [{{.}}](https://github.com/{{ownerName}}/{{repoName}}/issues/{{subString . 1}}) {{/ifMatches}}{{/eachCommitFixes}}
{{/ifCommitType}}
{{/commits}}

{{/ifContainsType}}
{{#ifContainsType commits type='fix'}}
### Bug Fixes

{{#commits}}
{{#ifCommitType . type='fix'}}
- {{#eachCommitScope .}} **{{.}}** {{/eachCommitScope}} {{{commitDescription .}}} ([{{subString hash 0 5}}](https://github.com/{{ownerName}}/{{repoName}}/commit/{{hash}}) {{authorName}}) {{#eachCommitRefs .}}{{#ifMatches . "^#[0-9]+"}} [{{.}}](https://github.com/{{ownerName}}/{{repoName}}/issues/{{subString . 1}}) {{/ifMatches}}{{/eachCommitRefs}} {{#eachCommitFixes .}}{{#ifMatches . "^#[0-9]+"}} [{{.}}](https://github.com/{{ownerName}}/{{repoName}}/issues/{{subString . 1}}) {{/ifMatches}}{{/eachCommitFixes}}
{{/ifCommitType}}
{{/commits}}

{{/ifContainsType}}
{{#ifContainsTypeAndScope commits type="chore" scope="deps"}}
### Dependency updates

{{#commits}}
{{#ifCommitType . type="chore"}}
{{#ifCommitScope . scope="deps"}}
- {{{commitDescription .}}} ([{{subString hash 0 5}}](https://github.com/{{ownerName}}/{{repoName}}/commit/{{hash}}) {{authorName}}) {{#eachCommitRefs .}}{{#ifMatches . "^#[0-9]+"}} [{{.}}](https://github.com/{{ownerName}}/{{repoName}}/issues/{{subString . 1}}) {{/ifMatches}}{{/eachCommitRefs}} {{#eachCommitFixes .}}{{#ifMatches . "^#[0-9]+"}} [{{.}}](https://github.com/{{ownerName}}/{{repoName}}/issues/{{subString . 1}}) {{/ifMatches}}{{/eachCommitFixes}}
{{/ifCommitScope}}
{{/ifCommitType}}
{{/commits}}
{{/ifContainsTypeAndScope}}
{{#ifContainsType commits type='^($^|(?!fix|feat|breaking|chore).*)'}}
### Other changes

{{#commits}}
{{#ifCommitType . type='^$'}}
**{{{messageTitle}}}**

{{#messageBodyItems}}
* {{.}} 
{{/messageBodyItems}}

[{{subString hash 0 5}}](https://github.com/{{ownerName}}/{{repoName}}/commit/{{hash}}) {{authorName}} *{{commitTime}}*

{{/ifCommitType}}
{{/commits}}

{{/ifContainsType}}
{{/ifEquals}}
{{/tags}}

---------------------------------------------

settings:

{
  "fromRevision": "0000000000000000000000000000000000000000",
  "fromRevisionStrategy": "DEFAULT",
  "toRevision": "1.71",
  "toRevisionStrategy": "DEFAULT",
  "removeIssueFromMessage": false,
  "jiraEnabled": true,
  "redmineEnabled": false,
  "gitHubEnabled": false,
  "gitHubApi": "https://api.github.com/repos/tomasbjerre/git-changelog-lib",
  "extendedVariables": {},
  "ignoreCommitsWithoutIssue": true,
  "gitLabEnabled": false,
  "gitLabProjectName": "tomasbjerre",
  "useIntegrations": false,
  "pathFilters": [
    "src"
  ],
  "encoding": "UTF-8"
}

---------------------------------------------

changelog:

# git-changelog-lib changelog

Changelog of git-changelog-lib.

## 1.45 (2016-04-13)

### Other changes

**Including correct commits + performance #26 JENKINS-34156**

* Found major performance problem when sorting tags by commit time, fixed. 
* Now not following parents, unless *from* is merged into them. 

[e3106](https://github.com/tomasbjerre/git-changelog-lib/commit/e3106df640b693b) Tomas Bjerre *2016-04-13 18:30:26*


## 1.44 (2016-04-12)

### Other changes

**JENKINS-34155 Support short SHA**


[27642](https://github.com/tomasbjerre/git-changelog-lib/commit/27642e3db66e67c) Tomas Bjerre *2016-04-12 16:43:21*




---------------------------------------------

context:

{
  "commits": [
    {
      "authorEmailAddress": "tomas.bjerre85@gmail.com",
      "authorName": "Tomas Bjerre",
      "commitTime": "2016-04-13 18:30:26",
      "commitTimeLong": 1460572226000,
      "hash": "e3106df640b693b",
      "hashFull": "e3106df640b693b50c297154919cb5564895c08e",
      "merge": false,
      "message": "Including correct commits + performance #26 JENKINS-34156\n\n * Found major performance problem when sorting tags by commit time, fixed.\n * Now not following parents, unless *from* is merged into them."
    },
    {
      "authorEmailAddress": "tomas.bjerre85@gmail.com",
      "authorName": "Tomas Bjerre",
      "commitTime": "2016-04-12 16:43:21",
      "commitTimeLong": 1460479401000,
      "hash": "27642e3db66e67c",
      "hashFull": "27642e3db66e67cfe17cdbcc2d6dbf8a3bbcf644",
      "merge": false,
      "message": "JENKINS-34155 Support short SHA"
    }
  ],
  "tags": [
    {
      "annotation": "[Gradle Release Plugin] - creating tag:  \u00271.45\u0027.\n",
      "authors": [
        {
          "commits": [
            {
              "authorEmailAddress": "tomas.bjerre85@gmail.com",
              "authorName": "Tomas Bjerre",
              "commitTime": "2016-04-13 18:30:26",
              "commitTimeLong": 1460572226000,
              "hash": "e3106df640b693b",
              "hashFull": "e3106df640b693b50c297154919cb5564895c08e",
              "merge": false,
              "message": "Including correct commits + performance #26 JENKINS-34156\n\n * Found major performance problem when sorting tags by commit time, fixed.\n * Now not following parents, unless *from* is merged into them."
            }
          ],
          "authorName": "Tomas Bjerre",
          "authorEmail": "tomas.bjerre85@gmail.com"
        }
      ],
      "commits": [
        {
          "authorEmailAddress": "tomas.bjerre85@gmail.com",
          "authorName": "Tomas Bjerre",
          "commitTime": "2016-04-13 18:30:26",
          "commitTimeLong": 1460572226000,
          "hash": "e3106df640b693b",
          "hashFull": "e3106df640b693b50c297154919cb5564895c08e",
          "merge": false,
          "message": "Including correct commits + performance #26 JENKINS-34156\n\n * Found major performance problem when sorting tags by commit time, fixed.\n * Now not following parents, unless *from* is merged into them."
        }
      ],
      "issues": [
        {
          "commits": [
            {
              "authorEmailAddress": "tomas.bjerre85@gmail.com",
              "authorName": "Tomas Bjerre",
              "commitTime": "2016-04-13 18:30:26",
              "commitTimeLong": 1460572226000,
              "hash": "e3106df640b693b",
              "hashFull": "e3106df640b693b50c297154919cb5564895c08e",
              "merge": false,
              "message": "Including correct commits + performance #26 JENKINS-34156\n\n * Found major performance problem when sorting tags by commit time, fixed.\n * Now not following parents, unless *from* is merged into them."
            }
          ],
          "authors": [
            {
              "commits": [
                {
                  "authorEmailAddress": "tomas.bjerre85@gmail.com",
                  "authorName": "Tomas Bjerre",
                  "commitTime": "2016-04-13 18:30:26",
                  "commitTimeLong": 1460572226000,
                  "hash": "e3106df640b693b",
                  "hashFull": "e3106df640b693b50c297154919cb5564895c08e",
                  "merge": false,
                  "message": "Including correct commits + performance #26 JENKINS-34156\n\n * Found major performance problem when sorting tags by commit time, fixed.\n * Now not following parents, unless *from* is merged into them."
                }
              ],
              "authorName": "Tomas Bjerre",
              "authorEmail": "tomas.bjerre85@gmail.com"
            }
          ],
          "name": "Jira",
          "title": "",
          "hasTitle": false,
          "issue": "JENKINS-34156",
          "hasIssue": true,
          "link": "",
          "hasLink": false,
          "type": "",
          "hasType": false,
          "hasDescription": false,
          "description": "",
          "hasLabels": false,
          "hasLinkedIssues": false,
          "issueType": "JIRA",
          "hasAdditionalFields": false
        }
      ],
      "issueTypes": [
        {
          "name": "Jira",
          "issues": [
            {
              "commits": [
                {
                  "authorEmailAddress": "tomas.bjerre85@gmail.com",
                  "authorName": "Tomas Bjerre",
                  "commitTime": "2016-04-13 18:30:26",
                  "commitTimeLong": 1460572226000,
                  "hash": "e3106df640b693b",
                  "hashFull": "e3106df640b693b50c297154919cb5564895c08e",
                  "merge": false,
                  "message": "Including correct commits + performance #26 JENKINS-34156\n\n * Found major performance problem when sorting tags by commit time, fixed.\n * Now not following parents, unless *from* is merged into them."
                }
              ],
              "authors": [
                {
                  "commits": [
                    {
                      "authorEmailAddress": "tomas.bjerre85@gmail.com",
                      "authorName": "Tomas Bjerre",
                      "commitTime": "2016-04-13 18:30:26",
                      "commitTimeLong": 1460572226000,
                      "hash": "e3106df640b693b",
                      "hashFull": "e3106df640b693b50c297154919cb5564895c08e",
                      "merge": false,
                      "message": "Including correct commits + performance #26 JENKINS-34156\n\n * Found major performance problem when sorting tags by commit time, fixed.\n * Now not following parents, unless *from* is merged into them."
                    }
                  ],
                  "authorName": "Tomas Bjerre",
                  "authorEmail": "tomas.bjerre85@gmail.com"
                }
              ],
              "name": "Jira",
              "title": "",
              "hasTitle": false,
              "issue": "JENKINS-34156",
              "hasIssue": true,
              "link": "",
              "hasLink": false,
              "type": "",
              "hasType": false,
              "hasDescription": false,
              "description": "",
              "hasLabels": false,
              "hasLinkedIssues": false,
              "issueType": "JIRA",
              "hasAdditionalFields": false
            }
          ],
          "type": "JIRA"
        }
      ],
      "name": "1.45",
      "tagTime": "2016-04-13 18:31:03",
      "tagTimeLong": 1460572263000,
      "hasTagTime": true
    },
    {
      "annotation": "[Gradle Release Plugin] - creating tag:  \u00271.44\u0027.\n",
      "authors": [
        {
          "commits": [
            {
              "authorEmailAddress": "tomas.bjerre85@gmail.com",
              "authorName": "Tomas Bjerre",
              "commitTime": "2016-04-12 16:43:21",
              "commitTimeLong": 1460479401000,
              "hash": "27642e3db66e67c",
              "hashFull": "27642e3db66e67cfe17cdbcc2d6dbf8a3bbcf644",
              "merge": false,
              "message": "JENKINS-34155 Support short SHA"
            }
          ],
          "authorName": "Tomas Bjerre",
          "authorEmail": "tomas.bjerre85@gmail.com"
        }
      ],
      "commits": [
        {
          "authorEmailAddress": "tomas.bjerre85@gmail.com",
          "authorName": "Tomas Bjerre",
          "commitTime": "2016-04-12 16:43:21",
          "commitTimeLong": 1460479401000,
          "hash": "27642e3db66e67c",
          "hashFull": "27642e3db66e67cfe17cdbcc2d6dbf8a3bbcf644",
          "merge": false,
          "message": "JENKINS-34155 Support short SHA"
        }
      ],
      "issues": [
        {
          "commits": [
            {
              "authorEmailAddress": "tomas.bjerre85@gmail.com",
              "authorName": "Tomas Bjerre",
              "commitTime": "2016-04-12 16:43:21",
              "commitTimeLong": 1460479401000,
              "hash": "27642e3db66e67c",
              "hashFull": "27642e3db66e67cfe17cdbcc2d6dbf8a3bbcf644",
              "merge": false,
              "message": "JENKINS-34155 Support short SHA"
            }
          ],
          "authors": [
            {
              "commits": [
                {
                  "authorEmailAddress": "tomas.bjerre85@gmail.com",
                  "authorName": "Tomas Bjerre",
                  "commitTime": "2016-04-12 16:43:21",
                  "commitTimeLong": 1460479401000,
                  "hash": "27642e3db66e67c",
                  "hashFull": "27642e3db66e67cfe17cdbcc2d6dbf8a3bbcf644",
                  "merge": false,
                  "message": "JENKINS-34155 Support short SHA"
                }
              ],
              "authorName": "Tomas Bjerre",
              "authorEmail": "tomas.bjerre85@gmail.com"
            }
          ],
          "name": "Jira",
          "title": "",
          "hasTitle": false,
          "issue": "JENKINS-34155",
          "hasIssue": true,
          "link": "",
          "hasLink": false,
          "type": "",
          "hasType": false,
          "hasDescription": false,
          "description": "",
          "hasLabels": false,
          "hasLinkedIssues": false,
          "issueType": "JIRA",
          "hasAdditionalFields": false
        }
      ],
      "issueTypes": [
        {
          "name": "Jira",
          "issues": [
            {
              "commits": [
                {
                  "authorEmailAddress": "tomas.bjerre85@gmail.com",
                  "authorName": "Tomas Bjerre",
                  "commitTime": "2016-04-12 16:43:21",
                  "commitTimeLong": 1460479401000,
                  "hash": "27642e3db66e67c",
                  "hashFull": "27642e3db66e67cfe17cdbcc2d6dbf8a3bbcf644",
                  "merge": false,
                  "message": "JENKINS-34155 Support short SHA"
                }
              ],
              "authors": [
                {
                  "commits": [
                    {
                      "authorEmailAddress": "tomas.bjerre85@gmail.com",
                      "authorName": "Tomas Bjerre",
                      "commitTime": "2016-04-12 16:43:21",
                      "commitTimeLong": 1460479401000,
                      "hash": "27642e3db66e67c",
                      "hashFull": "27642e3db66e67cfe17cdbcc2d6dbf8a3bbcf644",
                      "merge": false,
                      "message": "JENKINS-34155 Support short SHA"
                    }
                  ],
                  "authorName": "Tomas Bjerre",
                  "authorEmail": "tomas.bjerre85@gmail.com"
                }
              ],
              "name": "Jira",
              "title": "",
              "hasTitle": false,
              "issue": "JENKINS-34155",
              "hasIssue": true,
              "link": "",
              "hasLink": false,
              "type": "",
              "hasType": false,
              "hasDescription": false,
              "description": "",
              "hasLabels": false,
              "hasLinkedIssues": false,
              "issueType": "JIRA",
              "hasAdditionalFields": false
            }
          ],
          "type": "JIRA"
        }
      ],
      "name": "1.44",
      "tagTime": "2016-04-12 16:44:03",
      "tagTimeLong": 1460479443000,
      "hasTagTime": true
    }
  ],
  "authors": [
    {
      "commits": [
        {
          "authorEmailAddress": "tomas.bjerre85@gmail.com",
          "authorName": "Tomas Bjerre",
          "commitTime": "2016-04-13 18:30:26",
          "commitTimeLong": 1460572226000,
          "hash": "e3106df640b693b",
          "hashFull": "e3106df640b693b50c297154919cb5564895c08e",
          "merge": false,
          "message": "Including correct commits + performance #26 JENKINS-34156\n\n * Found major performance problem when sorting tags by commit time, fixed.\n * Now not following parents, unless *from* is merged into them."
        },
        {
          "authorEmailAddress": "tomas.bjerre85@gmail.com",
          "authorName": "Tomas Bjerre",
          "commitTime": "2016-04-12 16:43:21",
          "commitTimeLong": 1460479401000,
          "hash": "27642e3db66e67c",
          "hashFull": "27642e3db66e67cfe17cdbcc2d6dbf8a3bbcf644",
          "merge": false,
          "message": "JENKINS-34155 Support short SHA"
        }
      ],
      "authorName": "Tomas Bjerre",
      "authorEmail": "tomas.bjerre85@gmail.com"
    }
  ],
  "issues": [
    {
      "commits": [
        {
          "authorEmailAddress": "tomas.bjerre85@gmail.com",
          "authorName": "Tomas Bjerre",
          "commitTime": "2016-04-12 16:43:21",
          "commitTimeLong": 1460479401000,
          "hash": "27642e3db66e67c",
          "hashFull": "27642e3db66e67cfe17cdbcc2d6dbf8a3bbcf644",
          "merge": false,
          "message": "JENKINS-34155 Support short SHA"
        }
      ],
      "authors": [
        {
          "commits": [
            {
              "authorEmailAddress": "tomas.bjerre85@gmail.com",
              "authorName": "Tomas Bjerre",
              "commitTime": "2016-04-12 16:43:21",
              "commitTimeLong": 1460479401000,
              "hash": "27642e3db66e67c",
              "hashFull": "27642e3db66e67cfe17cdbcc2d6dbf8a3bbcf644",
              "merge": false,
              "message": "JENKINS-34155 Support short SHA"
            }
          ],
          "authorName": "Tomas Bjerre",
          "authorEmail": "tomas.bjerre85@gmail.com"
        }
      ],
      "name": "Jira",
      "title": "",
      "hasTitle": false,
      "issue": "JENKINS-34155",
      "hasIssue": true,
      "link": "",
      "hasLink": false,
      "type": "",
      "hasType": false,
      "hasDescription": false,
      "description": "",
      "hasLabels": false,
      "hasLinkedIssues": false,
      "issueType": "JIRA",
      "hasAdditionalFields": false
    },
    {
      "commits": [
        {
          "authorEmailAddress": "tomas.bjerre85@gmail.com",
          "authorName": "Tomas Bjerre",
          "commitTime": "2016-04-13 18:30:26",
          "commitTimeLong": 1460572226000,
          "hash": "e3106df640b693b",
          "hashFull": "e3106df640b693b50c297154919cb5564895c08e",
          "merge": false,
          "message": "Including correct commits + performance #26 JENKINS-34156\n\n * Found major performance problem when sorting tags by commit time, fixed.\n * Now not following parents, unless *from* is merged into them."
        }
      ],
      "authors": [
        {
          "commits": [
            {
              "authorEmailAddress": "tomas.bjerre85@gmail.com",
              "authorName": "Tomas Bjerre",
              "commitTime": "2016-04-13 18:30:26",
              "commitTimeLong": 1460572226000,
              "hash": "e3106df640b693b",
              "hashFull": "e3106df640b693b50c297154919cb5564895c08e",
              "merge": false,
              "message": "Including correct commits + performance #26 JENKINS-34156\n\n * Found major performance problem when sorting tags by commit time, fixed.\n * Now not following parents, unless *from* is merged into them."
            }
          ],
          "authorName": "Tomas Bjerre",
          "authorEmail": "tomas.bjerre85@gmail.com"
        }
      ],
      "name": "Jira",
      "title": "",
      "hasTitle": false,
      "issue": "JENKINS-34156",
      "hasIssue": true,
      "link": "",
      "hasLink": false,
      "type": "",
      "hasType": false,
      "hasDescription": false,
      "description": "",
      "hasLabels": false,
      "hasLinkedIssues": false,
      "issueType": "JIRA",
      "hasAdditionalFields": false
    }
  ],
  "issueTypes": [
    {
      "name": "Jira",
      "issues": [
        {
          "commits": [
            {
              "authorEmailAddress": "tomas.bjerre85@gmail.com",
              "authorName": "Tomas Bjerre",
              "commitTime": "2016-04-12 16:43:21",
              "commitTimeLong": 1460479401000,
              "hash": "27642e3db66e67c",
              "hashFull": "27642e3db66e67cfe17cdbcc2d6dbf8a3bbcf644",
              "merge": false,
              "message": "JENKINS-34155 Support short SHA"
            }
          ],
          "authors": [
            {
              "commits": [
                {
                  "authorEmailAddress": "tomas.bjerre85@gmail.com",
                  "authorName": "Tomas Bjerre",
                  "commitTime": "2016-04-12 16:43:21",
                  "commitTimeLong": 1460479401000,
                  "hash": "27642e3db66e67c",
                  "hashFull": "27642e3db66e67cfe17cdbcc2d6dbf8a3bbcf644",
                  "merge": false,
                  "message": "JENKINS-34155 Support short SHA"
                }
              ],
              "authorName": "Tomas Bjerre",
              "authorEmail": "tomas.bjerre85@gmail.com"
            }
          ],
          "name": "Jira",
          "title": "",
          "hasTitle": false,
          "issue": "JENKINS-34155",
          "hasIssue": true,
          "link": "",
          "hasLink": false,
          "type": "",
          "hasType": false,
          "hasDescription": false,
          "description": "",
          "hasLabels": false,
          "hasLinkedIssues": false,
          "issueType": "JIRA",
          "hasAdditionalFields": false
        },
        {
          "commits": [
            {
              "authorEmailAddress": "tomas.bjerre85@gmail.com",
              "authorName": "Tomas Bjerre",
              "commitTime": "2016-04-13 18:30:26",
              "commitTimeLong": 1460572226000,
              "hash": "e3106df640b693b",
              "hashFull": "e3106df640b693b50c297154919cb5564895c08e",
              "merge": false,
              "message": "Including correct commits + performance #26 JENKINS-34156\n\n * Found major performance problem when sorting tags by commit time, fixed.\n * Now not following parents, unless *from* is merged into them."
            }
          ],
          "authors": [
            {
              "commits": [
                {
                  "authorEmailAddress": "tomas.bjerre85@gmail.com",
                  "authorName": "Tomas Bjerre",
                  "commitTime": "2016-04-13 18:30:26",
                  "commitTimeLong": 1460572226000,
                  "hash": "e3106df640b693b",
                  "hashFull": "e3106df640b693b50c297154919cb5564895c08e",
                  "merge": false,
                  "message": "Including correct commits + performance #26 JENKINS-34156\n\n * Found major performance problem when sorting tags by commit time, fixed.\n * Now not following parents, unless *from* is merged into them."
                }
              ],
              "authorName": "Tomas Bjerre",
              "authorEmail": "tomas.bjerre85@gmail.com"
            }
          ],
          "name": "Jira",
          "title": "",
          "hasTitle": false,
          "issue": "JENKINS-34156",
          "hasIssue": true,
          "link": "",
          "hasLink": false,
          "type": "",
          "hasType": false,
          "hasDescription": false,
          "description": "",
          "hasLabels": false,
          "hasLinkedIssues": false,
          "issueType": "JIRA",
          "hasAdditionalFields": false
        }
      ],
      "type": "JIRA"
    }
  ],
  "ownerName": "tomasbjerre",
  "repoName": "git-changelog-lib",
  "urlParts": [
    "git-changelog-lib",
    "tomasbjerre",
    "git@github.com"
  ]
}