template:

# Git Changelog changelog

Changelog of Git Changelog.

{{#issues}}
  {{#hasLink}}
## {{name}} [{{issue}}]({{link}}) {{title}}
  {{/hasLink}}
  {{^hasLink}}
## {{name}} {{title}}
  {{/hasLink}}
  
 {{#commits}}
### {{authorName}} - {{commitTime}}
[{{hash}}](https://server/{{hash}})

{{{message}}}

 {{/commits}}
{{/issues}}


------


 {{#commits}}
### {{authorName}} - {{commitTime}}
[{{hash}}](https://server/{{hash}})

{{{message}}}

 {{/commits}}

---------------------------------------------

settings:

{
  "toRef": "test",
  "fromCommit": "0000000000000000000000000000000000000000",
  "templatePath": "templatetest/testThatCommitsWithoutIssueCanBeIgnoredTagsIssuesCommits.mustache",
  "removeIssueFromMessage": false,
  "jiraEnabled": true,
  "redmineEnabled": true,
  "redmineIssuePattern": "nooo",
  "gitHubEnabled": true,
  "gitHubApi": "https://api.github.com/repos/tomasbjerre/git-changelog-lib",
  "gitHubIssuePattern": "nooo",
  "customIssues": [
    {
      "type": "CUSTOM",
      "name": "JIRA",
      "title": "${PATTERN_GROUP}",
      "pattern": "JIR-[0-9]*",
      "link": "http://${PATTERN_GROUP}"
    }
  ],
  "extendedVariables": {},
  "ignoreCommitsWithoutIssue": true,
  "gitLabEnabled": true,
  "gitLabIssuePattern": "nooo",
  "gitLabProjectName": "tomasbjerre",
  "useIntegrations": false,
  "encoding": "UTF-8"
}

---------------------------------------------

changelog:

# Git Changelog changelog

Changelog of Git Changelog.

## JIRA [JIR-1234](http://JIR-1234) JIR-1234
  
### Tomas Bjerre - 2016-02-15 16:30:35
[cc0fbbd8bc63955](https://server/cc0fbbd8bc63955)

Adding stuff with a jira JIR-1234

## JIRA [JIR-5262](http://JIR-5262) JIR-5262
  
### Tomas Bjerre - 2016-02-15 16:12:02
[071a14f29020758](https://server/071a14f29020758)

Adding stuff with a jira
  JIR-5262



------


### Tomas Bjerre - 2016-02-15 16:30:35
[cc0fbbd8bc63955](https://server/cc0fbbd8bc63955)

Adding stuff with a jira JIR-1234

### Tomas Bjerre - 2016-02-15 16:12:02
[071a14f29020758](https://server/071a14f29020758)

Adding stuff with a jira
  JIR-5262



---------------------------------------------

context:

{
  "commits": [
    {
      "authorEmailAddress": "tomas.bjerre85@gmail.com",
      "authorName": "Tomas Bjerre",
      "commitTime": "2016-02-15 16:30:35",
      "commitTimeLong": 1455553835000,
      "hash": "cc0fbbd8bc63955",
      "hashFull": "cc0fbbd8bc63955e4576e24feb481ab315efec31",
      "merge": false,
      "message": "Adding stuff with a jira JIR-1234"
    },
    {
      "authorEmailAddress": "tomas.bjerre85@gmail.com",
      "authorName": "Tomas Bjerre",
      "commitTime": "2016-02-15 16:12:02",
      "commitTimeLong": 1455552722000,
      "hash": "071a14f29020758",
      "hashFull": "071a14f29020758bc46ac0a45e7cfc074c872850",
      "merge": false,
      "message": "Adding stuff with a jira\n  JIR-5262"
    }
  ],
  "tags": [
    {
      "authors": [
        {
          "commits": [
            {
              "authorEmailAddress": "tomas.bjerre85@gmail.com",
              "authorName": "Tomas Bjerre",
              "commitTime": "2016-02-15 16:30:35",
              "commitTimeLong": 1455553835000,
              "hash": "cc0fbbd8bc63955",
              "hashFull": "cc0fbbd8bc63955e4576e24feb481ab315efec31",
              "merge": false,
              "message": "Adding stuff with a jira JIR-1234"
            }
          ],
          "authorName": "Tomas Bjerre",
          "authorEmail": "tomas.bjerre85@gmail.com"
        }
      ],
      "commits": [
        {
          "authorEmailAddress": "tomas.bjerre85@gmail.com",
          "authorName": "Tomas Bjerre",
          "commitTime": "2016-02-15 16:30:35",
          "commitTimeLong": 1455553835000,
          "hash": "cc0fbbd8bc63955",
          "hashFull": "cc0fbbd8bc63955e4576e24feb481ab315efec31",
          "merge": false,
          "message": "Adding stuff with a jira JIR-1234"
        }
      ],
      "issues": [
        {
          "commits": [
            {
              "authorEmailAddress": "tomas.bjerre85@gmail.com",
              "authorName": "Tomas Bjerre",
              "commitTime": "2016-02-15 16:30:35",
              "commitTimeLong": 1455553835000,
              "hash": "cc0fbbd8bc63955",
              "hashFull": "cc0fbbd8bc63955e4576e24feb481ab315efec31",
              "merge": false,
              "message": "Adding stuff with a jira JIR-1234"
            }
          ],
          "authors": [
            {
              "commits": [
                {
                  "authorEmailAddress": "tomas.bjerre85@gmail.com",
                  "authorName": "Tomas Bjerre",
                  "commitTime": "2016-02-15 16:30:35",
                  "commitTimeLong": 1455553835000,
                  "hash": "cc0fbbd8bc63955",
                  "hashFull": "cc0fbbd8bc63955e4576e24feb481ab315efec31",
                  "merge": false,
                  "message": "Adding stuff with a jira JIR-1234"
                }
              ],
              "authorName": "Tomas Bjerre",
              "authorEmail": "tomas.bjerre85@gmail.com"
            }
          ],
          "name": "JIRA",
          "title": "JIR-1234",
          "hasTitle": true,
          "issue": "JIR-1234",
          "hasIssue": true,
          "link": "http://JIR-1234",
          "hasLink": true,
          "type": "",
          "hasType": false,
          "hasDescription": false,
          "description": "",
          "hasLabels": false,
          "hasLinkedIssues": false,
          "issueType": "CUSTOM",
          "hasAdditionalFields": false,
          "additionalFields": {}
        }
      ],
      "issueTypes": [
        {
          "name": "JIRA",
          "issues": [
            {
              "commits": [
                {
                  "authorEmailAddress": "tomas.bjerre85@gmail.com",
                  "authorName": "Tomas Bjerre",
                  "commitTime": "2016-02-15 16:30:35",
                  "commitTimeLong": 1455553835000,
                  "hash": "cc0fbbd8bc63955",
                  "hashFull": "cc0fbbd8bc63955e4576e24feb481ab315efec31",
                  "merge": false,
                  "message": "Adding stuff with a jira JIR-1234"
                }
              ],
              "authors": [
                {
                  "commits": [
                    {
                      "authorEmailAddress": "tomas.bjerre85@gmail.com",
                      "authorName": "Tomas Bjerre",
                      "commitTime": "2016-02-15 16:30:35",
                      "commitTimeLong": 1455553835000,
                      "hash": "cc0fbbd8bc63955",
                      "hashFull": "cc0fbbd8bc63955e4576e24feb481ab315efec31",
                      "merge": false,
                      "message": "Adding stuff with a jira JIR-1234"
                    }
                  ],
                  "authorName": "Tomas Bjerre",
                  "authorEmail": "tomas.bjerre85@gmail.com"
                }
              ],
              "name": "JIRA",
              "title": "JIR-1234",
              "hasTitle": true,
              "issue": "JIR-1234",
              "hasIssue": true,
              "link": "http://JIR-1234",
              "hasLink": true,
              "type": "",
              "hasType": false,
              "hasDescription": false,
              "description": "",
              "hasLabels": false,
              "hasLinkedIssues": false,
              "issueType": "CUSTOM",
              "hasAdditionalFields": false,
              "additionalFields": {}
            }
          ],
          "type": "CUSTOM"
        }
      ],
      "name": "test",
      "tagTime": "2016-04-06 18:40:51",
      "tagTimeLong": 1459968051000,
      "hasTagTime": true
    },
    {
      "annotation": "this is the tag for test-1.0\n",
      "authors": [
        {
          "commits": [
            {
              "authorEmailAddress": "tomas.bjerre85@gmail.com",
              "authorName": "Tomas Bjerre",
              "commitTime": "2016-02-15 16:12:02",
              "commitTimeLong": 1455552722000,
              "hash": "071a14f29020758",
              "hashFull": "071a14f29020758bc46ac0a45e7cfc074c872850",
              "merge": false,
              "message": "Adding stuff with a jira\n  JIR-5262"
            }
          ],
          "authorName": "Tomas Bjerre",
          "authorEmail": "tomas.bjerre85@gmail.com"
        }
      ],
      "commits": [
        {
          "authorEmailAddress": "tomas.bjerre85@gmail.com",
          "authorName": "Tomas Bjerre",
          "commitTime": "2016-02-15 16:12:02",
          "commitTimeLong": 1455552722000,
          "hash": "071a14f29020758",
          "hashFull": "071a14f29020758bc46ac0a45e7cfc074c872850",
          "merge": false,
          "message": "Adding stuff with a jira\n  JIR-5262"
        }
      ],
      "issues": [
        {
          "commits": [
            {
              "authorEmailAddress": "tomas.bjerre85@gmail.com",
              "authorName": "Tomas Bjerre",
              "commitTime": "2016-02-15 16:12:02",
              "commitTimeLong": 1455552722000,
              "hash": "071a14f29020758",
              "hashFull": "071a14f29020758bc46ac0a45e7cfc074c872850",
              "merge": false,
              "message": "Adding stuff with a jira\n  JIR-5262"
            }
          ],
          "authors": [
            {
              "commits": [
                {
                  "authorEmailAddress": "tomas.bjerre85@gmail.com",
                  "authorName": "Tomas Bjerre",
                  "commitTime": "2016-02-15 16:12:02",
                  "commitTimeLong": 1455552722000,
                  "hash": "071a14f29020758",
                  "hashFull": "071a14f29020758bc46ac0a45e7cfc074c872850",
                  "merge": false,
                  "message": "Adding stuff with a jira\n  JIR-5262"
                }
              ],
              "authorName": "Tomas Bjerre",
              "authorEmail": "tomas.bjerre85@gmail.com"
            }
          ],
          "name": "JIRA",
          "title": "JIR-5262",
          "hasTitle": true,
          "issue": "JIR-5262",
          "hasIssue": true,
          "link": "http://JIR-5262",
          "hasLink": true,
          "type": "",
          "hasType": false,
          "hasDescription": false,
          "description": "",
          "hasLabels": false,
          "hasLinkedIssues": false,
          "issueType": "CUSTOM",
          "hasAdditionalFields": false,
          "additionalFields": {}
        }
      ],
      "issueTypes": [
        {
          "name": "JIRA",
          "issues": [
            {
              "commits": [
                {
                  "authorEmailAddress": "tomas.bjerre85@gmail.com",
                  "authorName": "Tomas Bjerre",
                  "commitTime": "2016-02-15 16:12:02",
                  "commitTimeLong": 1455552722000,
                  "hash": "071a14f29020758",
                  "hashFull": "071a14f29020758bc46ac0a45e7cfc074c872850",
                  "merge": false,
                  "message": "Adding stuff with a jira\n  JIR-5262"
                }
              ],
              "authors": [
                {
                  "commits": [
                    {
                      "authorEmailAddress": "tomas.bjerre85@gmail.com",
                      "authorName": "Tomas Bjerre",
                      "commitTime": "2016-02-15 16:12:02",
                      "commitTimeLong": 1455552722000,
                      "hash": "071a14f29020758",
                      "hashFull": "071a14f29020758bc46ac0a45e7cfc074c872850",
                      "merge": false,
                      "message": "Adding stuff with a jira\n  JIR-5262"
                    }
                  ],
                  "authorName": "Tomas Bjerre",
                  "authorEmail": "tomas.bjerre85@gmail.com"
                }
              ],
              "name": "JIRA",
              "title": "JIR-5262",
              "hasTitle": true,
              "issue": "JIR-5262",
              "hasIssue": true,
              "link": "http://JIR-5262",
              "hasLink": true,
              "type": "",
              "hasType": false,
              "hasDescription": false,
              "description": "",
              "hasLabels": false,
              "hasLinkedIssues": false,
              "issueType": "CUSTOM",
              "hasAdditionalFields": false,
              "additionalFields": {}
            }
          ],
          "type": "CUSTOM"
        }
      ],
      "name": "test-1.0",
      "tagTime": "2016-02-15 16:30:35",
      "tagTimeLong": 1455553835000,
      "hasTagTime": true
    }
  ],
  "authors": [
    {
      "commits": [
        {
          "authorEmailAddress": "tomas.bjerre85@gmail.com",
          "authorName": "Tomas Bjerre",
          "commitTime": "2016-02-15 16:30:35",
          "commitTimeLong": 1455553835000,
          "hash": "cc0fbbd8bc63955",
          "hashFull": "cc0fbbd8bc63955e4576e24feb481ab315efec31",
          "merge": false,
          "message": "Adding stuff with a jira JIR-1234"
        },
        {
          "authorEmailAddress": "tomas.bjerre85@gmail.com",
          "authorName": "Tomas Bjerre",
          "commitTime": "2016-02-15 16:12:02",
          "commitTimeLong": 1455552722000,
          "hash": "071a14f29020758",
          "hashFull": "071a14f29020758bc46ac0a45e7cfc074c872850",
          "merge": false,
          "message": "Adding stuff with a jira\n  JIR-5262"
        }
      ],
      "authorName": "Tomas Bjerre",
      "authorEmail": "tomas.bjerre85@gmail.com"
    }
  ],
  "issues": [
    {
      "commits": [
        {
          "authorEmailAddress": "tomas.bjerre85@gmail.com",
          "authorName": "Tomas Bjerre",
          "commitTime": "2016-02-15 16:30:35",
          "commitTimeLong": 1455553835000,
          "hash": "cc0fbbd8bc63955",
          "hashFull": "cc0fbbd8bc63955e4576e24feb481ab315efec31",
          "merge": false,
          "message": "Adding stuff with a jira JIR-1234"
        }
      ],
      "authors": [
        {
          "commits": [
            {
              "authorEmailAddress": "tomas.bjerre85@gmail.com",
              "authorName": "Tomas Bjerre",
              "commitTime": "2016-02-15 16:30:35",
              "commitTimeLong": 1455553835000,
              "hash": "cc0fbbd8bc63955",
              "hashFull": "cc0fbbd8bc63955e4576e24feb481ab315efec31",
              "merge": false,
              "message": "Adding stuff with a jira JIR-1234"
            }
          ],
          "authorName": "Tomas Bjerre",
          "authorEmail": "tomas.bjerre85@gmail.com"
        }
      ],
      "name": "JIRA",
      "title": "JIR-1234",
      "hasTitle": true,
      "issue": "JIR-1234",
      "hasIssue": true,
      "link": "http://JIR-1234",
      "hasLink": true,
      "type": "",
      "hasType": false,
      "hasDescription": false,
      "description": "",
      "hasLabels": false,
      "hasLinkedIssues": false,
      "issueType": "CUSTOM",
      "hasAdditionalFields": false,
      "additionalFields": {}
    },
    {
      "commits": [
        {
          "authorEmailAddress": "tomas.bjerre85@gmail.com",
          "authorName": "Tomas Bjerre",
          "commitTime": "2016-02-15 16:12:02",
          "commitTimeLong": 1455552722000,
          "hash": "071a14f29020758",
          "hashFull": "071a14f29020758bc46ac0a45e7cfc074c872850",
          "merge": false,
          "message": "Adding stuff with a jira\n  JIR-5262"
        }
      ],
      "authors": [
        {
          "commits": [
            {
              "authorEmailAddress": "tomas.bjerre85@gmail.com",
              "authorName": "Tomas Bjerre",
              "commitTime": "2016-02-15 16:12:02",
              "commitTimeLong": 1455552722000,
              "hash": "071a14f29020758",
              "hashFull": "071a14f29020758bc46ac0a45e7cfc074c872850",
              "merge": false,
              "message": "Adding stuff with a jira\n  JIR-5262"
            }
          ],
          "authorName": "Tomas Bjerre",
          "authorEmail": "tomas.bjerre85@gmail.com"
        }
      ],
      "name": "JIRA",
      "title": "JIR-5262",
      "hasTitle": true,
      "issue": "JIR-5262",
      "hasIssue": true,
      "link": "http://JIR-5262",
      "hasLink": true,
      "type": "",
      "hasType": false,
      "hasDescription": false,
      "description": "",
      "hasLabels": false,
      "hasLinkedIssues": false,
      "issueType": "CUSTOM",
      "hasAdditionalFields": false,
      "additionalFields": {}
    }
  ],
  "issueTypes": [
    {
      "name": "JIRA",
      "issues": [
        {
          "commits": [
            {
              "authorEmailAddress": "tomas.bjerre85@gmail.com",
              "authorName": "Tomas Bjerre",
              "commitTime": "2016-02-15 16:30:35",
              "commitTimeLong": 1455553835000,
              "hash": "cc0fbbd8bc63955",
              "hashFull": "cc0fbbd8bc63955e4576e24feb481ab315efec31",
              "merge": false,
              "message": "Adding stuff with a jira JIR-1234"
            }
          ],
          "authors": [
            {
              "commits": [
                {
                  "authorEmailAddress": "tomas.bjerre85@gmail.com",
                  "authorName": "Tomas Bjerre",
                  "commitTime": "2016-02-15 16:30:35",
                  "commitTimeLong": 1455553835000,
                  "hash": "cc0fbbd8bc63955",
                  "hashFull": "cc0fbbd8bc63955e4576e24feb481ab315efec31",
                  "merge": false,
                  "message": "Adding stuff with a jira JIR-1234"
                }
              ],
              "authorName": "Tomas Bjerre",
              "authorEmail": "tomas.bjerre85@gmail.com"
            }
          ],
          "name": "JIRA",
          "title": "JIR-1234",
          "hasTitle": true,
          "issue": "JIR-1234",
          "hasIssue": true,
          "link": "http://JIR-1234",
          "hasLink": true,
          "type": "",
          "hasType": false,
          "hasDescription": false,
          "description": "",
          "hasLabels": false,
          "hasLinkedIssues": false,
          "issueType": "CUSTOM",
          "hasAdditionalFields": false,
          "additionalFields": {}
        },
        {
          "commits": [
            {
              "authorEmailAddress": "tomas.bjerre85@gmail.com",
              "authorName": "Tomas Bjerre",
              "commitTime": "2016-02-15 16:12:02",
              "commitTimeLong": 1455552722000,
              "hash": "071a14f29020758",
              "hashFull": "071a14f29020758bc46ac0a45e7cfc074c872850",
              "merge": false,
              "message": "Adding stuff with a jira\n  JIR-5262"
            }
          ],
          "authors": [
            {
              "commits": [
                {
                  "authorEmailAddress": "tomas.bjerre85@gmail.com",
                  "authorName": "Tomas Bjerre",
                  "commitTime": "2016-02-15 16:12:02",
                  "commitTimeLong": 1455552722000,
                  "hash": "071a14f29020758",
                  "hashFull": "071a14f29020758bc46ac0a45e7cfc074c872850",
                  "merge": false,
                  "message": "Adding stuff with a jira\n  JIR-5262"
                }
              ],
              "authorName": "Tomas Bjerre",
              "authorEmail": "tomas.bjerre85@gmail.com"
            }
          ],
          "name": "JIRA",
          "title": "JIR-5262",
          "hasTitle": true,
          "issue": "JIR-5262",
          "hasIssue": true,
          "link": "http://JIR-5262",
          "hasLink": true,
          "type": "",
          "hasType": false,
          "hasDescription": false,
          "description": "",
          "hasLabels": false,
          "hasLinkedIssues": false,
          "issueType": "CUSTOM",
          "hasAdditionalFields": false,
          "additionalFields": {}
        }
      ],
      "type": "CUSTOM"
    }
  ],
  "ownerName": "tomasbjerre",
  "repoName": "git-changelog-lib",
  "urlParts": [
    "git-changelog-lib",
    "tomasbjerre",
    "git@github.com"
  ]
}